[#<Token Comment::Preproc>, "<?xml version=\"1.0\" encoding=\"UTF-8\"?>"]
[#<Token Text>, "\n"]
[#<Token Name::Tag>, "<root>"]
[#<Token Text>, "\n  "]
[#<Token Name::Tag>, "<element"]
[#<Token Text>, " "]
[#<Token Name::Attribute>, "attribute="]
[#<Token Literal::String>, "\"value\""]
[#<Token Name::Tag>, ">"]
[#<Token Text>, "\n    "]
[#<Token Name::Tag>, "<nested>"]
[#<Token Text>, "Content"]
[#<Token Name::Tag>, "</nested>"]
[#<Token Text>, "\n  "]
[#<Token Name::Tag>, "</element>"]
[#<Token Text>, "\n  "]
[#<Token Comment>, "<!-- This is a comment -->"]
[#<Token Text>, "\n  "]
[#<Token Comment::Preproc>, "<![CDATA[This is CDATA content]]>"]
[#<Token Text>, "\n  "]
[#<Token Name::Tag>, "<empty-element/>"]
[#<Token Text>, "\n"]
[#<Token Name::Tag>, "</root>"]
[#<Token Text>, "\n"]
