[#<Token Comment::Preproc>, "<?xml version=\"1.0\" encoding=\"UTF-8\"?>"]
[#<Token Text>, "\n"]
[#<Token Comment::Preproc>, "<!DOCTYPE html PUBLIC \"-//W3C//DTD XHTML 1.0 Strict//EN\" \"http://www.w3.org/TR/xhtml1/DTD/xhtml1-strict.dtd\">"]
[#<Token Text>, "\n"]
[#<Token Name::Tag>, "<html"]
[#<Token Text>, " "]
[#<Token Name::Attribute>, "xmlns="]
[#<Token Literal::String>, "\"http://www.w3.org/1999/xhtml\""]
[#<Token Name::Tag>, ">"]
[#<Token Text>, "\n  "]
[#<Token Name::Tag>, "<head>"]
[#<Token Text>, "\n    "]
[#<Token Name::Tag>, "<title>"]
[#<Token Text>, "Test Document"]
[#<Token Name::Tag>, "</title>"]
[#<Token Text>, "\n  "]
[#<Token Name::Tag>, "</head>"]
[#<Token Text>, "\n  "]
[#<Token Name::Tag>, "<body>"]
[#<Token Text>, "\n    "]
[#<Token Name::Tag>, "<p>"]
[#<Token Text>, "This is a test document"]
[#<Token Name::Tag>, "</p>"]
[#<Token Text>, "\n  "]
[#<Token Name::Tag>, "</body>"]
[#<Token Text>, "\n"]
[#<Token Name::Tag>, "</html>"]
[#<Token Text>, "\n"]
