[#<Token Comment>, "-- This is a single line comment"]
[#<Token Text::Whitespace>, "\n"]
[#<Token Comment::Multiline>, "/* This is a\n   multi-line comment */"]
[#<Token Text::Whitespace>, "\n\n"]
[#<Token Comment>, "-- Basic SELECT statement"]
[#<Token Text::Whitespace>, "\n"]
[#<Token Keyword>, "SELECT"]
[#<Token Text::Whitespace>, " "]
[#<Token Name>, "column1"]
[#<Token Punctuation>, ","]
[#<Token Text::Whitespace>, " "]
[#<Token Name>, "column2"]
[#<Token Text::Whitespace>, "\n"]
[#<Token Keyword>, "FROM"]
[#<Token Text::Whitespace>, " "]
[#<Token Name>, "table_name"]
[#<Token Text::Whitespace>, "\n"]
[#<Token Keyword>, "WHERE"]
[#<Token Text::Whitespace>, " "]
[#<Token Name>, "condition"]
[#<Token Text::Whitespace>, " "]
[#<Token Operator>, "="]
[#<Token Text::Whitespace>, " "]
[#<Token Literal::String::Single>, "'value'"]
[#<Token Text::Whitespace>, "\n"]
[#<Token Keyword>, "GROUP"]
[#<Token Text::Whitespace>, " "]
[#<Token Keyword>, "BY"]
[#<Token Text::Whitespace>, " "]
[#<Token Name>, "column1"]
[#<Token Text::Whitespace>, "\n"]
[#<Token Keyword>, "HAVING"]
[#<Token Text::Whitespace>, " "]
[#<Token Name::Function>, "COUNT"]
[#<Token Punctuation>, "("]
[#<Token Operator>, "*"]
[#<Token Punctuation>, ")"]
[#<Token Text::Whitespace>, " "]
[#<Token Operator>, ">"]
[#<Token Text::Whitespace>, " "]
[#<Token Literal::Number::Integer>, "1"]
[#<Token Text::Whitespace>, "\n"]
[#<Token Keyword>, "ORDER"]
[#<Token Text::Whitespace>, " "]
[#<Token Keyword>, "BY"]
[#<Token Text::Whitespace>, " "]
[#<Token Name>, "column2"]
[#<Token Text::Whitespace>, " "]
[#<Token Keyword>, "DESC"]
[#<Token Text::Whitespace>, "\n"]
[#<Token Keyword>, "LIMIT"]
[#<Token Text::Whitespace>, " "]
[#<Token Literal::Number::Integer>, "10"]
[#<Token Punctuation>, ";"]
[#<Token Text::Whitespace>, "\n\n"]
[#<Token Comment>, "-- INSERT statement"]
[#<Token Text::Whitespace>, "\n"]
[#<Token Keyword>, "INSERT"]
[#<Token Text::Whitespace>, " "]
[#<Token Keyword>, "INTO"]
[#<Token Text::Whitespace>, " "]
[#<Token Name>, "users"]
[#<Token Text::Whitespace>, " "]
[#<Token Punctuation>, "("]
[#<Token Name>, "name"]
[#<Token Punctuation>, ","]
[#<Token Text::Whitespace>, " "]
[#<Token Name>, "email"]
[#<Token Punctuation>, ","]
[#<Token Text::Whitespace>, " "]
[#<Token Name>, "age"]
[#<Token Punctuation>, ")"]
[#<Token Text::Whitespace>, "\n"]
[#<Token Keyword>, "VALUES"]
[#<Token Text::Whitespace>, " "]
[#<Token Punctuation>, "("]
[#<Token Literal::String::Single>, "'John Doe'"]
[#<Token Punctuation>, ","]
[#<Token Text::Whitespace>, " "]
[#<Token Literal::String::Single>, "'john@example.com'"]
[#<Token Punctuation>, ","]
[#<Token Text::Whitespace>, " "]
[#<Token Literal::Number::Integer>, "30"]
[#<Token Punctuation>, ");"]
[#<Token Text::Whitespace>, "\n\n"]
[#<Token Comment>, "-- UPDATE statement"]
[#<Token Text::Whitespace>, "\n"]
[#<Token Keyword>, "UPDATE"]
[#<Token Text::Whitespace>, " "]
[#<Token Name>, "users"]
[#<Token Text::Whitespace>, "\n"]
[#<Token Keyword>, "SET"]
[#<Token Text::Whitespace>, " "]
[#<Token Name>, "name"]
[#<Token Text::Whitespace>, " "]
[#<Token Operator>, "="]
[#<Token Text::Whitespace>, " "]
[#<Token Literal::String::Single>, "'Jane Doe'"]
[#<Token Punctuation>, ","]
[#<Token Text::Whitespace>, "\n    "]
[#<Token Name>, "email"]
[#<Token Text::Whitespace>, " "]
[#<Token Operator>, "="]
[#<Token Text::Whitespace>, " "]
[#<Token Literal::String::Single>, "'jane@example.com'"]
[#<Token Text::Whitespace>, "\n"]
[#<Token Keyword>, "WHERE"]
[#<Token Text::Whitespace>, " "]
[#<Token Name>, "id"]
[#<Token Text::Whitespace>, " "]
[#<Token Operator>, "="]
[#<Token Text::Whitespace>, " "]
[#<Token Literal::Number::Integer>, "1"]
[#<Token Punctuation>, ";"]
[#<Token Text::Whitespace>, "\n\n"]
[#<Token Comment>, "-- DELETE statement"]
[#<Token Text::Whitespace>, "\n"]
[#<Token Keyword>, "DELETE"]
[#<Token Text::Whitespace>, " "]
[#<Token Keyword>, "FROM"]
[#<Token Text::Whitespace>, " "]
[#<Token Name>, "users"]
[#<Token Text::Whitespace>, "\n"]
[#<Token Keyword>, "WHERE"]
[#<Token Text::Whitespace>, " "]
[#<Token Name>, "id"]
[#<Token Text::Whitespace>, " "]
[#<Token Operator>, "="]
[#<Token Text::Whitespace>, " "]
[#<Token Literal::Number::Integer>, "1"]
[#<Token Punctuation>, ";"]
[#<Token Text::Whitespace>, "\n\n"]
[#<Token Comment>, "-- JOIN example"]
[#<Token Text::Whitespace>, "\n"]
[#<Token Keyword>, "SELECT"]
[#<Token Text::Whitespace>, " "]
[#<Token Name>, "u"]
[#<Token Punctuation>, "."]
[#<Token Name>, "name"]
[#<Token Punctuation>, ","]
[#<Token Text::Whitespace>, " "]
[#<Token Name>, "o"]
[#<Token Punctuation>, "."]
[#<Token Name>, "order_id"]
[#<Token Text::Whitespace>, "\n"]
[#<Token Keyword>, "FROM"]
[#<Token Text::Whitespace>, " "]
[#<Token Name>, "users"]
[#<Token Text::Whitespace>, " "]
[#<Token Name>, "u"]
[#<Token Text::Whitespace>, "\n"]
[#<Token Keyword>, "INNER"]
[#<Token Text::Whitespace>, " "]
[#<Token Keyword>, "JOIN"]
[#<Token Text::Whitespace>, " "]
[#<Token Name>, "orders"]
[#<Token Text::Whitespace>, " "]
[#<Token Name>, "o"]
[#<Token Text::Whitespace>, " "]
[#<Token Keyword>, "ON"]
[#<Token Text::Whitespace>, " "]
[#<Token Name>, "u"]
[#<Token Punctuation>, "."]
[#<Token Name>, "id"]
[#<Token Text::Whitespace>, " "]
[#<Token Operator>, "="]
[#<Token Text::Whitespace>, " "]
[#<Token Name>, "o"]
[#<Token Punctuation>, "."]
[#<Token Name>, "user_id"]
[#<Token Text::Whitespace>, "\n"]
[#<Token Keyword>, "LEFT"]
[#<Token Text::Whitespace>, " "]
[#<Token Keyword>, "JOIN"]
[#<Token Text::Whitespace>, " "]
[#<Token Name>, "products"]
[#<Token Text::Whitespace>, " "]
[#<Token Name>, "p"]
[#<Token Text::Whitespace>, " "]
[#<Token Keyword>, "ON"]
[#<Token Text::Whitespace>, " "]
[#<Token Name>, "o"]
[#<Token Punctuation>, "."]
[#<Token Name>, "product_id"]
[#<Token Text::Whitespace>, " "]
[#<Token Operator>, "="]
[#<Token Text::Whitespace>, " "]
[#<Token Name>, "p"]
[#<Token Punctuation>, "."]
[#<Token Name>, "id"]
[#<Token Text::Whitespace>, "\n"]
[#<Token Keyword>, "WHERE"]
[#<Token Text::Whitespace>, " "]
[#<Token Name>, "o"]
[#<Token Punctuation>, "."]
[#<Token Name>, "status"]
[#<Token Text::Whitespace>, " "]
[#<Token Operator>, "="]
[#<Token Text::Whitespace>, " "]
[#<Token Literal::String::Single>, "'completed'"]
[#<Token Punctuation>, ";"]
[#<Token Text::Whitespace>, "\n\n"]
[#<Token Comment>, "-- Subquery example"]
[#<Token Text::Whitespace>, "\n"]
[#<Token Keyword>, "SELECT"]
[#<Token Text::Whitespace>, " "]
[#<Token Name>, "name"]
[#<Token Punctuation>, ","]
[#<Token Text::Whitespace>, " "]
[#<Token Name>, "email"]
[#<Token Text::Whitespace>, "\n"]
[#<Token Keyword>, "FROM"]
[#<Token Text::Whitespace>, " "]
[#<Token Name>, "users"]
[#<Token Text::Whitespace>, "\n"]
[#<Token Keyword>, "WHERE"]
[#<Token Text::Whitespace>, " "]
[#<Token Name>, "id"]
[#<Token Text::Whitespace>, " "]
[#<Token Keyword>, "IN"]
[#<Token Text::Whitespace>, " "]
[#<Token Punctuation>, "("]
[#<Token Text::Whitespace>, "\n    "]
[#<Token Keyword>, "SELECT"]
[#<Token Text::Whitespace>, " "]
[#<Token Name>, "user_id"]
[#<Token Text::Whitespace>, "\n    "]
[#<Token Keyword>, "FROM"]
[#<Token Text::Whitespace>, " "]
[#<Token Name>, "orders"]
[#<Token Text::Whitespace>, "\n    "]
[#<Token Keyword>, "WHERE"]
[#<Token Text::Whitespace>, " "]
[#<Token Name>, "total"]
[#<Token Text::Whitespace>, " "]
[#<Token Operator>, ">"]
[#<Token Text::Whitespace>, " "]
[#<Token Literal::Number::Integer>, "100"]
[#<Token Text::Whitespace>, "\n"]
[#<Token Punctuation>, ");"]
[#<Token Text::Whitespace>, "\n\n"]
[#<Token Comment>, "-- Function calls"]
[#<Token Text::Whitespace>, "\n"]
[#<Token Keyword>, "SELECT"]
[#<Token Text::Whitespace>, "\n    "]
[#<Token Name::Function>, "COUNT"]
[#<Token Punctuation>, "("]
[#<Token Operator>, "*"]
[#<Token Punctuation>, ")"]
[#<Token Text::Whitespace>, " "]
[#<Token Keyword>, "as"]
[#<Token Text::Whitespace>, " "]
[#<Token Name>, "total_users"]
[#<Token Punctuation>, ","]
[#<Token Text::Whitespace>, "\n    "]
[#<Token Name::Function>, "AVG"]
[#<Token Punctuation>, "("]
[#<Token Name>, "age"]
[#<Token Punctuation>, ")"]
[#<Token Text::Whitespace>, " "]
[#<Token Keyword>, "as"]
[#<Token Text::Whitespace>, " "]
[#<Token Name>, "average_age"]
[#<Token Punctuation>, ","]
[#<Token Text::Whitespace>, "\n    "]
[#<Token Name::Function>, "MAX"]
[#<Token Punctuation>, "("]
[#<Token Name>, "created_at"]
[#<Token Punctuation>, ")"]
[#<Token Text::Whitespace>, " "]
[#<Token Keyword>, "as"]
[#<Token Text::Whitespace>, " "]
[#<Token Name>, "latest_user"]
[#<Token Punctuation>, ","]
[#<Token Text::Whitespace>, "\n    "]
[#<Token Name::Function>, "CONCAT"]
[#<Token Punctuation>, "("]
[#<Token Name>, "first_name"]
[#<Token Punctuation>, ","]
[#<Token Text::Whitespace>, " "]
[#<Token Literal::String::Single>, "' '"]
[#<Token Punctuation>, ","]
[#<Token Text::Whitespace>, " "]
[#<Token Name>, "last_name"]
[#<Token Punctuation>, ")"]
[#<Token Text::Whitespace>, " "]
[#<Token Keyword>, "as"]
[#<Token Text::Whitespace>, " "]
[#<Token Name>, "full_name"]
[#<Token Text::Whitespace>, "\n"]
[#<Token Keyword>, "FROM"]
[#<Token Text::Whitespace>, " "]
[#<Token Name>, "users"]
[#<Token Punctuation>, ";"]
[#<Token Text::Whitespace>, "\n\n"]
[#<Token Comment>, "-- Data types and constraints"]
[#<Token Text::Whitespace>, "\n"]
[#<Token Keyword>, "CREATE"]
[#<Token Text::Whitespace>, " "]
[#<Token Name>, "TABLE"]
[#<Token Text::Whitespace>, " "]
[#<Token Name>, "products"]
[#<Token Text::Whitespace>, " "]
[#<Token Punctuation>, "("]
[#<Token Text::Whitespace>, "\n    "]
[#<Token Name>, "id"]
[#<Token Text::Whitespace>, " "]
[#<Token Keyword::Type>, "INTEGER"]
[#<Token Text::Whitespace>, " "]
[#<Token Keyword>, "PRIMARY"]
[#<Token Text::Whitespace>, " "]
[#<Token Keyword>, "KEY"]
[#<Token Punctuation>, ","]
[#<Token Text::Whitespace>, "\n    "]
[#<Token Name>, "name"]
[#<Token Text::Whitespace>, " "]
[#<Token Keyword::Type>, "VARCHAR"]
[#<Token Punctuation>, "("]
[#<Token Literal::Number::Integer>, "100"]
[#<Token Punctuation>, ")"]
[#<Token Text::Whitespace>, " "]
[#<Token Keyword>, "NOT"]
[#<Token Text::Whitespace>, " "]
[#<Token Keyword>, "NULL"]
[#<Token Punctuation>, ","]
[#<Token Text::Whitespace>, "\n    "]
[#<Token Name>, "price"]
[#<Token Text::Whitespace>, " "]
[#<Token Keyword::Type>, "DECIMAL"]
[#<Token Punctuation>, "("]
[#<Token Literal::Number::Integer>, "10"]
[#<Token Punctuation>, ","]
[#<Token Literal::Number::Integer>, "2"]
[#<Token Punctuation>, "),"]
[#<Token Text::Whitespace>, "\n    "]
[#<Token Name>, "description"]
[#<Token Text::Whitespace>, " "]
[#<Token Keyword::Type>, "TEXT"]
[#<Token Punctuation>, ","]
[#<Token Text::Whitespace>, "\n    "]
[#<Token Name>, "created_at"]
[#<Token Text::Whitespace>, " "]
[#<Token Keyword::Type>, "TIMESTAMP"]
[#<Token Text::Whitespace>, " "]
[#<Token Keyword>, "DEFAULT"]
[#<Token Text::Whitespace>, " "]
[#<Token Name::Function>, "CURRENT_TIMESTAMP"]
[#<Token Punctuation>, ","]
[#<Token Text::Whitespace>, "\n    "]
[#<Token Name>, "is_active"]
[#<Token Text::Whitespace>, " "]
[#<Token Keyword::Type>, "BOOLEAN"]
[#<Token Text::Whitespace>, " "]
[#<Token Keyword>, "DEFAULT"]
[#<Token Text::Whitespace>, " "]
[#<Token Keyword>, "TRUE"]
[#<Token Punctuation>, ","]
[#<Token Text::Whitespace>, "\n    "]
[#<Token Name>, "tags"]
[#<Token Text::Whitespace>, " "]
[#<Token Keyword::Type>, "JSON"]
[#<Token Punctuation>, ","]
[#<Token Text::Whitespace>, "\n    "]
[#<Token Keyword>, "CONSTRAINT"]
[#<Token Text::Whitespace>, " "]
[#<Token Name>, "price_check"]
[#<Token Text::Whitespace>, " "]
[#<Token Keyword>, "CHECK"]
[#<Token Text::Whitespace>, " "]
[#<Token Punctuation>, "("]
[#<Token Name>, "price"]
[#<Token Text::Whitespace>, " "]
[#<Token Operator>, ">"]
[#<Token Text::Whitespace>, " "]
[#<Token Literal::Number::Integer>, "0"]
[#<Token Punctuation>, ")"]
[#<Token Text::Whitespace>, "\n"]
[#<Token Punctuation>, ");"]
[#<Token Text::Whitespace>, "\n\n"]
[#<Token Comment>, "-- Parameters"]
[#<Token Text::Whitespace>, "\n"]
[#<Token Keyword>, "SELECT"]
[#<Token Text::Whitespace>, " "]
[#<Token Operator>, "*"]
[#<Token Text::Whitespace>, " "]
[#<Token Keyword>, "FROM"]
[#<Token Text::Whitespace>, " "]
[#<Token Name>, "users"]
[#<Token Text::Whitespace>, " "]
[#<Token Keyword>, "WHERE"]
[#<Token Text::Whitespace>, " "]
[#<Token Name>, "id"]
[#<Token Text::Whitespace>, " "]
[#<Token Operator>, "="]
[#<Token Text::Whitespace>, " "]
[#<Token Name::Variable>, "$1"]
[#<Token Punctuation>, ";"]
[#<Token Text::Whitespace>, "\n"]
[#<Token Keyword>, "SELECT"]
[#<Token Text::Whitespace>, " "]
[#<Token Operator>, "*"]
[#<Token Text::Whitespace>, " "]
[#<Token Keyword>, "FROM"]
[#<Token Text::Whitespace>, " "]
[#<Token Name>, "users"]
[#<Token Text::Whitespace>, " "]
[#<Token Keyword>, "WHERE"]
[#<Token Text::Whitespace>, " "]
[#<Token Name>, "name"]
[#<Token Text::Whitespace>, " "]
[#<Token Operator>, "="]
[#<Token Text::Whitespace>, " "]
[#<Token Name::Variable>, ":name"]
[#<Token Punctuation>, ";"]
[#<Token Text::Whitespace>, "\n"]
[#<Token Keyword>, "SELECT"]
[#<Token Text::Whitespace>, " "]
[#<Token Operator>, "*"]
[#<Token Text::Whitespace>, " "]
[#<Token Keyword>, "FROM"]
[#<Token Text::Whitespace>, " "]
[#<Token Name>, "users"]
[#<Token Text::Whitespace>, " "]
[#<Token Keyword>, "WHERE"]
[#<Token Text::Whitespace>, " "]
[#<Token Name>, "email"]
[#<Token Text::Whitespace>, " "]
[#<Token Operator>, "="]
[#<Token Text::Whitespace>, " "]
[#<Token Name::Variable>, "?"]
[#<Token Punctuation>, ";"]
[#<Token Text::Whitespace>, "\n"]
